









                █  ▄▀ █   █ █▀▀▀▄ ▄▀▀▀▄ █   █    █   █ █   █ █▀▀▀▄ ▀▀█▀▀ █▀▀▀▀ █▀▀▀▄
                █▄▀   █   █ █   █ █▄▄▄█  ▀▄▀      ▀▄▀  █   █ █▄▄▄▀   █   █▄▄▄  █▄▄▄▀
                █ ▀▄  █   █ █   █ █   █   █        █   █   █ █ ▀▄    █   █     █ ▀▄
                ▀   ▀  ▀▀▀  ▀▀▀▀  ▀   ▀   ▀        ▀    ▀▀▀  ▀   ▀   ▀   ▀▀▀▀▀ ▀   ▀

                            CS student · data science intern at Cummins

                              ━━━━━━━━━━━━━━━━━━━━━━━━━━━━━━━━━━━━━━━━
                                            [ ok ] ready











