









                █  ▄▀ ·   █ █▪▀▀▄ ▄▀▀·▄ █   ▪    █   █ █   █ █▀·▀▄ ▪▀█▀▀ █▀·▀▀ ▪▀▀▀▄
                █▄·   █   █ ▪   █ █▄▄▄█  ·▄▀      ▪▄▀  █   █ █▄·▄▀   ▪   █▄▄▄  █▄·▄▀
                ▪ ▀▄  █   █ █   █ ·   █   █        ▪   █   █ █ ▀▄    █   ·     █ ▀▪
                ▀   ▀  ▀▀▀  ▀·▀▀  ▪   ▀   ▀        ▀    ▀▀▀  ·   ▀   ▀   ▪▀▀▀▀ ▀   ▀

                            CS student · data science intern at Cummins

                              ━━━━━━━━━━━━━━━━━━━━────────────────────
                                        indexing 5 projects











