                                     ·
                              ·
                       ·            ·
           ·   ·                  ·
                     ·
             · ▪  ·      ·   ·   ▪·  ·       ·
               ·     ▪   ·  ·  · ·  ·    ▪·
                · ·    ·   · ··      ▪·     ·    ·        ·
                      · ·  ·  ▪  ·       ··              ·
            ·         ·   ▪· · · ··   ▪·   ·  ·
           · · ▪· ·      · ··        ···   ·  ·  ·
            ·         ···      ··           ·  ·
                   ·        ·     ·  ·  · ·
                      ·     ·
        CS student · data science intern at Cummins

          ━━━━━━━━────────────────────────────────
  ·                 mounting /home/guest
    ·
                                          ·

                          ·
                          ·
                            ·
