




                ██      ██  ██      ██    Test Person
                ██    ██    ██      ██    tester of things
                ██  ██        ██  ██
                ████            ██         web          github
                ██  ██          ██         linkedin     email
                ██    ██        ██
                ██      ██      ██

                                   ▸ About
                                     Work
                                     Projects
                                     Contact






                           ↑↓ move · ↵ open · q quit
